// Jest Snapshot v1, https://goo.gl/fbAQLP

exports[`- Radio component exist 1`] = `
<div
  className="coo-radio coo-radio-horizontal"
>
  <label
    className="coo-radio-label coo-radio-label-disabled"
    style={Object {}}
  >
    <span
      className="coo-radio-inner"
    />
    <input
      checked={false}
      className="coo-radio-input"
      disabled={true}
      onChange={[Function]}
      type="radio"
      value="Harrison"
    />
    <span
      className="coo-radio-label-text"
    >
      Harrison
    </span>
  </label>
  <label
    className="coo-radio-label coo-radio-label-active"
    style={Object {}}
  >
    <span
      className="coo-radio-inner"
    />
    <input
      checked={true}
      className="coo-radio-input"
      disabled={false}
      onChange={[Function]}
      type="radio"
      value="Jack"
    />
    <span
      className="coo-radio-label-text"
    >
      Jack
    </span>
  </label>
  <label
    className="coo-radio-label coo-radio-label-last"
    style={Object {}}
  >
    <span
      className="coo-radio-inner"
    />
    <input
      checked={false}
      className="coo-radio-input"
      disabled={false}
      onChange={[Function]}
      type="radio"
      value="Barry"
    />
    <span
      className="coo-radio-label-text"
    >
      Barry
    </span>
  </label>
</div>
`;
